=== Throughput Benchmark - RDS02 to Storage Per-Pair (track 1.1.7) ===
Source: r04-rds02 (192.168.11.42)
Port: 5201
Duration: 120s per run
Parallel streams: 8
Repetitions: 3
Output: /home/user/AIRCentre/repos/datacenter-benchmarks-for-publication/benchmarks/outputs/network/throughput/rds02-to-st-per-pair

Storage targets: st01
st02
st03
st04
st05
st06
st07
st08

=== Running rds02-to-st-per-pair sequential throughput tests ===

=== Target 1/8: r04-rds02 -> st01 ===
  Repetition 1/3
=== Initialization ===
Rep: 1
Meta: rds02_st01
Metric: tp
Qualifier: rds02-to-st-per-pair
Epoch: 1777990921
Output directory: /home/user/AIRCentre/repos/datacenter-benchmarks-for-publication/benchmarks/outputs/network/throughput/rds02-to-st-per-pair
RDS host: r04-rds02
=== Data Collection ===
Waiting 60 seconds for system to settle...
Collecting system metrics from all servers (parallel)...
  Collecting from: st01
  Collecting from: st02
  Collecting from: st03
  Collecting from: st04
  Collecting from: st05
  Collecting from: st06
  Collecting from: st07
  Collecting from: st08
  Collecting from: srv01
  Collecting from: srv02
  Collecting from: srv03
  Collecting from: r04-rds02
Waiting for all metric collections to complete...
=== Complete ===
Output: /home/user/AIRCentre/repos/datacenter-benchmarks-for-publication/benchmarks/outputs/network/throughput/rds02-to-st-per-pair/1777990921_tp_rds02-to-st-per-pair_rep1_rds02_st01_snapshot.csv
Done.
    Saved: 1777990921_tp_rds02-to-st-per-pair_rep1_st01.json
  Repetition 2/3
=== Initialization ===
Rep: 2
Meta: rds02_st01
Metric: tp
Qualifier: rds02-to-st-per-pair
Epoch: 1777991106
Output directory: /home/user/AIRCentre/repos/datacenter-benchmarks-for-publication/benchmarks/outputs/network/throughput/rds02-to-st-per-pair
RDS host: r04-rds02
=== Data Collection ===
Waiting 60 seconds for system to settle...
Collecting system metrics from all servers (parallel)...
  Collecting from: st01
  Collecting from: st02
  Collecting from: st03
  Collecting from: st04
  Collecting from: st05
  Collecting from: st06
  Collecting from: st07
  Collecting from: st08
  Collecting from: srv01
  Collecting from: srv02
  Collecting from: srv03
  Collecting from: r04-rds02
Waiting for all metric collections to complete...
=== Complete ===
Output: /home/user/AIRCentre/repos/datacenter-benchmarks-for-publication/benchmarks/outputs/network/throughput/rds02-to-st-per-pair/1777991106_tp_rds02-to-st-per-pair_rep2_rds02_st01_snapshot.csv
Done.
    Saved: 1777991106_tp_rds02-to-st-per-pair_rep2_st01.json
  Repetition 3/3
=== Initialization ===
Rep: 3
Meta: rds02_st01
Metric: tp
Qualifier: rds02-to-st-per-pair
Epoch: 1777991290
Output directory: /home/user/AIRCentre/repos/datacenter-benchmarks-for-publication/benchmarks/outputs/network/throughput/rds02-to-st-per-pair
RDS host: r04-rds02
=== Data Collection ===
Waiting 60 seconds for system to settle...
Collecting system metrics from all servers (parallel)...
  Collecting from: st01
  Collecting from: st02
  Collecting from: st03
  Collecting from: st04
  Collecting from: st05
  Collecting from: st06
  Collecting from: st07
  Collecting from: st08
  Collecting from: srv01
  Collecting from: srv02
  Collecting from: srv03
  Collecting from: r04-rds02
Waiting for all metric collections to complete...
=== Complete ===
Output: /home/user/AIRCentre/repos/datacenter-benchmarks-for-publication/benchmarks/outputs/network/throughput/rds02-to-st-per-pair/1777991290_tp_rds02-to-st-per-pair_rep3_rds02_st01_snapshot.csv
Done.
    Saved: 1777991290_tp_rds02-to-st-per-pair_rep3_st01.json

=== Target 2/8: r04-rds02 -> st02 ===
  Repetition 1/3
=== Initialization ===
Rep: 1
Meta: rds02_st02
Metric: tp
Qualifier: rds02-to-st-per-pair
Epoch: 1777991475
Output directory: /home/user/AIRCentre/repos/datacenter-benchmarks-for-publication/benchmarks/outputs/network/throughput/rds02-to-st-per-pair
RDS host: r04-rds02
=== Data Collection ===
Waiting 60 seconds for system to settle...
Collecting system metrics from all servers (parallel)...
  Collecting from: st01
  Collecting from: st02
  Collecting from: st03
  Collecting from: st04
  Collecting from: st05
  Collecting from: st06
  Collecting from: st07
  Collecting from: st08
  Collecting from: srv01
  Collecting from: srv02
  Collecting from: srv03
  Collecting from: r04-rds02
Waiting for all metric collections to complete...
=== Complete ===
Output: /home/user/AIRCentre/repos/datacenter-benchmarks-for-publication/benchmarks/outputs/network/throughput/rds02-to-st-per-pair/1777991475_tp_rds02-to-st-per-pair_rep1_rds02_st02_snapshot.csv
Done.
    Saved: 1777991475_tp_rds02-to-st-per-pair_rep1_st02.json
  Repetition 2/3
=== Initialization ===
Rep: 2
Meta: rds02_st02
Metric: tp
Qualifier: rds02-to-st-per-pair
Epoch: 1777991660
Output directory: /home/user/AIRCentre/repos/datacenter-benchmarks-for-publication/benchmarks/outputs/network/throughput/rds02-to-st-per-pair
RDS host: r04-rds02
=== Data Collection ===
Waiting 60 seconds for system to settle...
Collecting system metrics from all servers (parallel)...
  Collecting from: st01
  Collecting from: st02
  Collecting from: st03
  Collecting from: st04
  Collecting from: st05
  Collecting from: st06
  Collecting from: st07
  Collecting from: st08
  Collecting from: srv01
  Collecting from: srv02
  Collecting from: srv03
  Collecting from: r04-rds02
Waiting for all metric collections to complete...
=== Complete ===
Output: /home/user/AIRCentre/repos/datacenter-benchmarks-for-publication/benchmarks/outputs/network/throughput/rds02-to-st-per-pair/1777991660_tp_rds02-to-st-per-pair_rep2_rds02_st02_snapshot.csv
Done.
    Saved: 1777991660_tp_rds02-to-st-per-pair_rep2_st02.json
  Repetition 3/3
=== Initialization ===
Rep: 3
Meta: rds02_st02
Metric: tp
Qualifier: rds02-to-st-per-pair
Epoch: 1777991844
Output directory: /home/user/AIRCentre/repos/datacenter-benchmarks-for-publication/benchmarks/outputs/network/throughput/rds02-to-st-per-pair
RDS host: r04-rds02
=== Data Collection ===
Waiting 60 seconds for system to settle...
Collecting system metrics from all servers (parallel)...
  Collecting from: st01
  Collecting from: st02
  Collecting from: st03
  Collecting from: st04
  Collecting from: st05
  Collecting from: st06
  Collecting from: st07
  Collecting from: st08
  Collecting from: srv01
  Collecting from: srv02
  Collecting from: srv03
  Collecting from: r04-rds02
Waiting for all metric collections to complete...
=== Complete ===
Output: /home/user/AIRCentre/repos/datacenter-benchmarks-for-publication/benchmarks/outputs/network/throughput/rds02-to-st-per-pair/1777991844_tp_rds02-to-st-per-pair_rep3_rds02_st02_snapshot.csv
Done.
    Saved: 1777991844_tp_rds02-to-st-per-pair_rep3_st02.json

=== Target 3/8: r04-rds02 -> st03 ===
  Repetition 1/3
=== Initialization ===
Rep: 1
Meta: rds02_st03
Metric: tp
Qualifier: rds02-to-st-per-pair
Epoch: 1777992029
Output directory: /home/user/AIRCentre/repos/datacenter-benchmarks-for-publication/benchmarks/outputs/network/throughput/rds02-to-st-per-pair
RDS host: r04-rds02
=== Data Collection ===
Waiting 60 seconds for system to settle...
Collecting system metrics from all servers (parallel)...
  Collecting from: st01
  Collecting from: st02
  Collecting from: st03
  Collecting from: st04
  Collecting from: st05
  Collecting from: st06
  Collecting from: st07
  Collecting from: st08
  Collecting from: srv01
  Collecting from: srv02
  Collecting from: srv03
  Collecting from: r04-rds02
Waiting for all metric collections to complete...
=== Complete ===
Output: /home/user/AIRCentre/repos/datacenter-benchmarks-for-publication/benchmarks/outputs/network/throughput/rds02-to-st-per-pair/1777992029_tp_rds02-to-st-per-pair_rep1_rds02_st03_snapshot.csv
Done.
    Saved: 1777992029_tp_rds02-to-st-per-pair_rep1_st03.json
  Repetition 2/3
=== Initialization ===
Rep: 2
Meta: rds02_st03
Metric: tp
Qualifier: rds02-to-st-per-pair
Epoch: 1777992213
Output directory: /home/user/AIRCentre/repos/datacenter-benchmarks-for-publication/benchmarks/outputs/network/throughput/rds02-to-st-per-pair
RDS host: r04-rds02
=== Data Collection ===
Waiting 60 seconds for system to settle...
Collecting system metrics from all servers (parallel)...
  Collecting from: st01
  Collecting from: st02
  Collecting from: st03
  Collecting from: st04
  Collecting from: st05
  Collecting from: st06
  Collecting from: st07
  Collecting from: st08
  Collecting from: srv01
  Collecting from: srv02
  Collecting from: srv03
  Collecting from: r04-rds02
Waiting for all metric collections to complete...
=== Complete ===
Output: /home/user/AIRCentre/repos/datacenter-benchmarks-for-publication/benchmarks/outputs/network/throughput/rds02-to-st-per-pair/1777992213_tp_rds02-to-st-per-pair_rep2_rds02_st03_snapshot.csv
Done.
    Saved: 1777992213_tp_rds02-to-st-per-pair_rep2_st03.json
  Repetition 3/3
=== Initialization ===
Rep: 3
Meta: rds02_st03
Metric: tp
Qualifier: rds02-to-st-per-pair
Epoch: 1777992398
Output directory: /home/user/AIRCentre/repos/datacenter-benchmarks-for-publication/benchmarks/outputs/network/throughput/rds02-to-st-per-pair
RDS host: r04-rds02
=== Data Collection ===
Waiting 60 seconds for system to settle...
Collecting system metrics from all servers (parallel)...
  Collecting from: st01
  Collecting from: st02
  Collecting from: st03
  Collecting from: st04
  Collecting from: st05
  Collecting from: st06
  Collecting from: st07
  Collecting from: st08
  Collecting from: srv01
  Collecting from: srv02
  Collecting from: srv03
  Collecting from: r04-rds02
Waiting for all metric collections to complete...
=== Complete ===
Output: /home/user/AIRCentre/repos/datacenter-benchmarks-for-publication/benchmarks/outputs/network/throughput/rds02-to-st-per-pair/1777992398_tp_rds02-to-st-per-pair_rep3_rds02_st03_snapshot.csv
Done.
    Saved: 1777992398_tp_rds02-to-st-per-pair_rep3_st03.json

=== Target 4/8: r04-rds02 -> st04 ===
  Repetition 1/3
=== Initialization ===
Rep: 1
Meta: rds02_st04
Metric: tp
Qualifier: rds02-to-st-per-pair
Epoch: 1777992582
Output directory: /home/user/AIRCentre/repos/datacenter-benchmarks-for-publication/benchmarks/outputs/network/throughput/rds02-to-st-per-pair
RDS host: r04-rds02
=== Data Collection ===
Waiting 60 seconds for system to settle...
Collecting system metrics from all servers (parallel)...
  Collecting from: st01
  Collecting from: st02
  Collecting from: st03
  Collecting from: st04
  Collecting from: st05
  Collecting from: st06
  Collecting from: st07
  Collecting from: st08
  Collecting from: srv01
  Collecting from: srv02
  Collecting from: srv03
  Collecting from: r04-rds02
Waiting for all metric collections to complete...
=== Complete ===
Output: /home/user/AIRCentre/repos/datacenter-benchmarks-for-publication/benchmarks/outputs/network/throughput/rds02-to-st-per-pair/1777992582_tp_rds02-to-st-per-pair_rep1_rds02_st04_snapshot.csv
Done.
    Saved: 1777992582_tp_rds02-to-st-per-pair_rep1_st04.json
  Repetition 2/3
=== Initialization ===
Rep: 2
Meta: rds02_st04
Metric: tp
Qualifier: rds02-to-st-per-pair
Epoch: 1777992767
Output directory: /home/user/AIRCentre/repos/datacenter-benchmarks-for-publication/benchmarks/outputs/network/throughput/rds02-to-st-per-pair
RDS host: r04-rds02
=== Data Collection ===
Waiting 60 seconds for system to settle...
Collecting system metrics from all servers (parallel)...
  Collecting from: st01
  Collecting from: st02
  Collecting from: st03
  Collecting from: st04
  Collecting from: st05
  Collecting from: st06
  Collecting from: st07
  Collecting from: st08
  Collecting from: srv01
  Collecting from: srv02
  Collecting from: srv03
  Collecting from: r04-rds02
Waiting for all metric collections to complete...
=== Complete ===
Output: /home/user/AIRCentre/repos/datacenter-benchmarks-for-publication/benchmarks/outputs/network/throughput/rds02-to-st-per-pair/1777992767_tp_rds02-to-st-per-pair_rep2_rds02_st04_snapshot.csv
Done.
    Saved: 1777992767_tp_rds02-to-st-per-pair_rep2_st04.json
  Repetition 3/3
=== Initialization ===
Rep: 3
Meta: rds02_st04
Metric: tp
Qualifier: rds02-to-st-per-pair
Epoch: 1777992952
Output directory: /home/user/AIRCentre/repos/datacenter-benchmarks-for-publication/benchmarks/outputs/network/throughput/rds02-to-st-per-pair
RDS host: r04-rds02
=== Data Collection ===
Waiting 60 seconds for system to settle...
Collecting system metrics from all servers (parallel)...
  Collecting from: st01
  Collecting from: st02
  Collecting from: st03
  Collecting from: st04
  Collecting from: st05
  Collecting from: st06
  Collecting from: st07
  Collecting from: st08
  Collecting from: srv01
  Collecting from: srv02
  Collecting from: srv03
  Collecting from: r04-rds02
Waiting for all metric collections to complete...
=== Complete ===
Output: /home/user/AIRCentre/repos/datacenter-benchmarks-for-publication/benchmarks/outputs/network/throughput/rds02-to-st-per-pair/1777992952_tp_rds02-to-st-per-pair_rep3_rds02_st04_snapshot.csv
Done.
    Saved: 1777992952_tp_rds02-to-st-per-pair_rep3_st04.json

=== Target 5/8: r04-rds02 -> st05 ===
  Repetition 1/3
=== Initialization ===
Rep: 1
Meta: rds02_st05
Metric: tp
Qualifier: rds02-to-st-per-pair
Epoch: 1777993136
Output directory: /home/user/AIRCentre/repos/datacenter-benchmarks-for-publication/benchmarks/outputs/network/throughput/rds02-to-st-per-pair
RDS host: r04-rds02
=== Data Collection ===
Waiting 60 seconds for system to settle...
Collecting system metrics from all servers (parallel)...
  Collecting from: st01
  Collecting from: st02
  Collecting from: st03
  Collecting from: st04
  Collecting from: st05
  Collecting from: st06
  Collecting from: st07
  Collecting from: st08
  Collecting from: srv01
  Collecting from: srv02
  Collecting from: srv03
  Collecting from: r04-rds02
Waiting for all metric collections to complete...
=== Complete ===
Output: /home/user/AIRCentre/repos/datacenter-benchmarks-for-publication/benchmarks/outputs/network/throughput/rds02-to-st-per-pair/1777993136_tp_rds02-to-st-per-pair_rep1_rds02_st05_snapshot.csv
Done.
    Saved: 1777993136_tp_rds02-to-st-per-pair_rep1_st05.json
  Repetition 2/3
=== Initialization ===
Rep: 2
Meta: rds02_st05
Metric: tp
Qualifier: rds02-to-st-per-pair
Epoch: 1777993321
Output directory: /home/user/AIRCentre/repos/datacenter-benchmarks-for-publication/benchmarks/outputs/network/throughput/rds02-to-st-per-pair
RDS host: r04-rds02
=== Data Collection ===
Waiting 60 seconds for system to settle...
Collecting system metrics from all servers (parallel)...
  Collecting from: st01
  Collecting from: st02
  Collecting from: st03
  Collecting from: st04
  Collecting from: st05
  Collecting from: st06
  Collecting from: st07
  Collecting from: st08
  Collecting from: srv01
  Collecting from: srv02
  Collecting from: srv03
  Collecting from: r04-rds02
Waiting for all metric collections to complete...
=== Complete ===
Output: /home/user/AIRCentre/repos/datacenter-benchmarks-for-publication/benchmarks/outputs/network/throughput/rds02-to-st-per-pair/1777993321_tp_rds02-to-st-per-pair_rep2_rds02_st05_snapshot.csv
Done.
    Saved: 1777993321_tp_rds02-to-st-per-pair_rep2_st05.json
  Repetition 3/3
=== Initialization ===
Rep: 3
Meta: rds02_st05
Metric: tp
Qualifier: rds02-to-st-per-pair
Epoch: 1777993505
Output directory: /home/user/AIRCentre/repos/datacenter-benchmarks-for-publication/benchmarks/outputs/network/throughput/rds02-to-st-per-pair
RDS host: r04-rds02
=== Data Collection ===
Waiting 60 seconds for system to settle...
Collecting system metrics from all servers (parallel)...
  Collecting from: st01
  Collecting from: st02
  Collecting from: st03
  Collecting from: st04
  Collecting from: st05
  Collecting from: st06
  Collecting from: st07
  Collecting from: st08
  Collecting from: srv01
  Collecting from: srv02
  Collecting from: srv03
  Collecting from: r04-rds02
Waiting for all metric collections to complete...
=== Complete ===
Output: /home/user/AIRCentre/repos/datacenter-benchmarks-for-publication/benchmarks/outputs/network/throughput/rds02-to-st-per-pair/1777993505_tp_rds02-to-st-per-pair_rep3_rds02_st05_snapshot.csv
Done.
    Saved: 1777993505_tp_rds02-to-st-per-pair_rep3_st05.json

=== Target 6/8: r04-rds02 -> st06 ===
  Repetition 1/3
=== Initialization ===
Rep: 1
Meta: rds02_st06
Metric: tp
Qualifier: rds02-to-st-per-pair
Epoch: 1777993690
Output directory: /home/user/AIRCentre/repos/datacenter-benchmarks-for-publication/benchmarks/outputs/network/throughput/rds02-to-st-per-pair
RDS host: r04-rds02
=== Data Collection ===
Waiting 60 seconds for system to settle...
Collecting system metrics from all servers (parallel)...
  Collecting from: st01
  Collecting from: st02
  Collecting from: st03
  Collecting from: st04
  Collecting from: st05
  Collecting from: st06
  Collecting from: st07
  Collecting from: st08
  Collecting from: srv01
  Collecting from: srv02
  Collecting from: srv03
  Collecting from: r04-rds02
Waiting for all metric collections to complete...
=== Complete ===
Output: /home/user/AIRCentre/repos/datacenter-benchmarks-for-publication/benchmarks/outputs/network/throughput/rds02-to-st-per-pair/1777993690_tp_rds02-to-st-per-pair_rep1_rds02_st06_snapshot.csv
Done.
    Saved: 1777993690_tp_rds02-to-st-per-pair_rep1_st06.json
  Repetition 2/3
=== Initialization ===
Rep: 2
Meta: rds02_st06
Metric: tp
Qualifier: rds02-to-st-per-pair
Epoch: 1777993875
Output directory: /home/user/AIRCentre/repos/datacenter-benchmarks-for-publication/benchmarks/outputs/network/throughput/rds02-to-st-per-pair
RDS host: r04-rds02
=== Data Collection ===
Waiting 60 seconds for system to settle...
Collecting system metrics from all servers (parallel)...
  Collecting from: st01
  Collecting from: st02
  Collecting from: st03
  Collecting from: st04
  Collecting from: st05
  Collecting from: st06
  Collecting from: st07
  Collecting from: st08
  Collecting from: srv01
  Collecting from: srv02
  Collecting from: srv03
  Collecting from: r04-rds02
Waiting for all metric collections to complete...
=== Complete ===
Output: /home/user/AIRCentre/repos/datacenter-benchmarks-for-publication/benchmarks/outputs/network/throughput/rds02-to-st-per-pair/1777993875_tp_rds02-to-st-per-pair_rep2_rds02_st06_snapshot.csv
Done.
    Saved: 1777993875_tp_rds02-to-st-per-pair_rep2_st06.json
  Repetition 3/3
=== Initialization ===
Rep: 3
Meta: rds02_st06
Metric: tp
Qualifier: rds02-to-st-per-pair
Epoch: 1777994059
Output directory: /home/user/AIRCentre/repos/datacenter-benchmarks-for-publication/benchmarks/outputs/network/throughput/rds02-to-st-per-pair
RDS host: r04-rds02
=== Data Collection ===
Waiting 60 seconds for system to settle...
Collecting system metrics from all servers (parallel)...
  Collecting from: st01
  Collecting from: st02
  Collecting from: st03
  Collecting from: st04
  Collecting from: st05
  Collecting from: st06
  Collecting from: st07
  Collecting from: st08
  Collecting from: srv01
  Collecting from: srv02
  Collecting from: srv03
  Collecting from: r04-rds02
Waiting for all metric collections to complete...
=== Complete ===
Output: /home/user/AIRCentre/repos/datacenter-benchmarks-for-publication/benchmarks/outputs/network/throughput/rds02-to-st-per-pair/1777994059_tp_rds02-to-st-per-pair_rep3_rds02_st06_snapshot.csv
Done.
    Saved: 1777994059_tp_rds02-to-st-per-pair_rep3_st06.json

=== Target 7/8: r04-rds02 -> st07 ===
  Repetition 1/3
=== Initialization ===
Rep: 1
Meta: rds02_st07
Metric: tp
Qualifier: rds02-to-st-per-pair
Epoch: 1777994244
Output directory: /home/user/AIRCentre/repos/datacenter-benchmarks-for-publication/benchmarks/outputs/network/throughput/rds02-to-st-per-pair
RDS host: r04-rds02
=== Data Collection ===
Waiting 60 seconds for system to settle...
Collecting system metrics from all servers (parallel)...
  Collecting from: st01
  Collecting from: st02
  Collecting from: st03
  Collecting from: st04
  Collecting from: st05
  Collecting from: st06
  Collecting from: st07
  Collecting from: st08
  Collecting from: srv01
  Collecting from: srv02
  Collecting from: srv03
  Collecting from: r04-rds02
Waiting for all metric collections to complete...
=== Complete ===
Output: /home/user/AIRCentre/repos/datacenter-benchmarks-for-publication/benchmarks/outputs/network/throughput/rds02-to-st-per-pair/1777994244_tp_rds02-to-st-per-pair_rep1_rds02_st07_snapshot.csv
Done.
    Saved: 1777994244_tp_rds02-to-st-per-pair_rep1_st07.json
  Repetition 2/3
=== Initialization ===
Rep: 2
Meta: rds02_st07
Metric: tp
Qualifier: rds02-to-st-per-pair
Epoch: 1777994429
Output directory: /home/user/AIRCentre/repos/datacenter-benchmarks-for-publication/benchmarks/outputs/network/throughput/rds02-to-st-per-pair
RDS host: r04-rds02
=== Data Collection ===
Waiting 60 seconds for system to settle...
Collecting system metrics from all servers (parallel)...
  Collecting from: st01
  Collecting from: st02
  Collecting from: st03
  Collecting from: st04
  Collecting from: st05
  Collecting from: st06
  Collecting from: st07
  Collecting from: st08
  Collecting from: srv01
  Collecting from: srv02
  Collecting from: srv03
  Collecting from: r04-rds02
Waiting for all metric collections to complete...
=== Complete ===
Output: /home/user/AIRCentre/repos/datacenter-benchmarks-for-publication/benchmarks/outputs/network/throughput/rds02-to-st-per-pair/1777994429_tp_rds02-to-st-per-pair_rep2_rds02_st07_snapshot.csv
Done.
    Saved: 1777994429_tp_rds02-to-st-per-pair_rep2_st07.json
  Repetition 3/3
=== Initialization ===
Rep: 3
Meta: rds02_st07
Metric: tp
Qualifier: rds02-to-st-per-pair
Epoch: 1777994614
Output directory: /home/user/AIRCentre/repos/datacenter-benchmarks-for-publication/benchmarks/outputs/network/throughput/rds02-to-st-per-pair
RDS host: r04-rds02
=== Data Collection ===
Waiting 60 seconds for system to settle...
Collecting system metrics from all servers (parallel)...
  Collecting from: st01
  Collecting from: st02
  Collecting from: st03
  Collecting from: st04
  Collecting from: st05
  Collecting from: st06
  Collecting from: st07
  Collecting from: st08
  Collecting from: srv01
  Collecting from: srv02
  Collecting from: srv03
  Collecting from: r04-rds02
Waiting for all metric collections to complete...
=== Complete ===
Output: /home/user/AIRCentre/repos/datacenter-benchmarks-for-publication/benchmarks/outputs/network/throughput/rds02-to-st-per-pair/1777994614_tp_rds02-to-st-per-pair_rep3_rds02_st07_snapshot.csv
Done.
    Saved: 1777994614_tp_rds02-to-st-per-pair_rep3_st07.json

=== Target 8/8: r04-rds02 -> st08 ===
  Repetition 1/3
=== Initialization ===
Rep: 1
Meta: rds02_st08
Metric: tp
Qualifier: rds02-to-st-per-pair
Epoch: 1777994798
Output directory: /home/user/AIRCentre/repos/datacenter-benchmarks-for-publication/benchmarks/outputs/network/throughput/rds02-to-st-per-pair
RDS host: r04-rds02
=== Data Collection ===
Waiting 60 seconds for system to settle...
Collecting system metrics from all servers (parallel)...
  Collecting from: st01
  Collecting from: st02
  Collecting from: st03
  Collecting from: st04
  Collecting from: st05
  Collecting from: st06
  Collecting from: st07
  Collecting from: st08
  Collecting from: srv01
  Collecting from: srv02
  Collecting from: srv03
  Collecting from: r04-rds02
Waiting for all metric collections to complete...
=== Complete ===
Output: /home/user/AIRCentre/repos/datacenter-benchmarks-for-publication/benchmarks/outputs/network/throughput/rds02-to-st-per-pair/1777994798_tp_rds02-to-st-per-pair_rep1_rds02_st08_snapshot.csv
Done.
    Saved: 1777994798_tp_rds02-to-st-per-pair_rep1_st08.json
  Repetition 2/3
=== Initialization ===
Rep: 2
Meta: rds02_st08
Metric: tp
Qualifier: rds02-to-st-per-pair
Epoch: 1777994983
Output directory: /home/user/AIRCentre/repos/datacenter-benchmarks-for-publication/benchmarks/outputs/network/throughput/rds02-to-st-per-pair
RDS host: r04-rds02
=== Data Collection ===
Waiting 60 seconds for system to settle...
Collecting system metrics from all servers (parallel)...
  Collecting from: st01
  Collecting from: st02
  Collecting from: st03
  Collecting from: st04
  Collecting from: st05
  Collecting from: st06
  Collecting from: st07
  Collecting from: st08
  Collecting from: srv01
  Collecting from: srv02
  Collecting from: srv03
  Collecting from: r04-rds02
Waiting for all metric collections to complete...
=== Complete ===
Output: /home/user/AIRCentre/repos/datacenter-benchmarks-for-publication/benchmarks/outputs/network/throughput/rds02-to-st-per-pair/1777994983_tp_rds02-to-st-per-pair_rep2_rds02_st08_snapshot.csv
Done.
    Saved: 1777994983_tp_rds02-to-st-per-pair_rep2_st08.json
  Repetition 3/3
=== Initialization ===
Rep: 3
Meta: rds02_st08
Metric: tp
Qualifier: rds02-to-st-per-pair
Epoch: 1777995167
Output directory: /home/user/AIRCentre/repos/datacenter-benchmarks-for-publication/benchmarks/outputs/network/throughput/rds02-to-st-per-pair
RDS host: r04-rds02
=== Data Collection ===
Waiting 60 seconds for system to settle...
Collecting system metrics from all servers (parallel)...
  Collecting from: st01
  Collecting from: st02
  Collecting from: st03
  Collecting from: st04
  Collecting from: st05
  Collecting from: st06
  Collecting from: st07
  Collecting from: st08
  Collecting from: srv01
  Collecting from: srv02
  Collecting from: srv03
  Collecting from: r04-rds02
Waiting for all metric collections to complete...
=== Complete ===
Output: /home/user/AIRCentre/repos/datacenter-benchmarks-for-publication/benchmarks/outputs/network/throughput/rds02-to-st-per-pair/1777995167_tp_rds02-to-st-per-pair_rep3_rds02_st08_snapshot.csv
Done.
    Saved: 1777995167_tp_rds02-to-st-per-pair_rep3_st08.json

=== RDS02-to-Storage Per-Pair Throughput Complete ===
Results saved to: /home/user/AIRCentre/repos/datacenter-benchmarks-for-publication/benchmarks/outputs/network/throughput/rds02-to-st-per-pair
