=== Throughput Benchmark (Storage-to-Storage) ===
Duration: 120s per run
Parallel streams: 8
Ports: 5201-5204 (st01->5201, st02->5202, st03->5203, st04->5204)
Repetitions: 3
Output: /home/user/AIRCentre/repos/datacenter-benchmarks-for-publication/benchmarks/outputs/network/throughput/st-to-st

Client nodes (st01-st04): st01
st02
st03
st04
Server nodes (st05-st08): st05
st06
st07
st08
Client range: st01-st04
Server range: st05-st08


=== Launching st-to-st throughput tests ===

=== Repetition 1/3 ===
=== Initialization ===
Rep: 1
Meta: st01-st04_st05-st08
Metric: tp
Qualifier: st-to-st
Epoch: 1778191513
Output directory: /home/user/AIRCentre/repos/datacenter-benchmarks-for-publication/benchmarks/outputs/network/throughput/st-to-st
